// Jest Snapshot v1, https://goo.gl/fbAQLP

exports[`should render Cage component correctly 1`] = `
<div>
  <p>
    Cage Component
  </p>
  <Connect(Cell)
    column={NaN}
    row={NaN}
  />
  <Connect(Cell)
    column={NaN}
    row={NaN}
  />
  <Connect(Cell)
    column={NaN}
    row={NaN}
  />
  <Connect(Cell)
    column={NaN}
    row={NaN}
  />
  <Connect(Cell)
    column={NaN}
    row={NaN}
  />
  <Connect(Cell)
    column={NaN}
    row={NaN}
  />
  <Connect(Cell)
    column={NaN}
    row={NaN}
  />
  <Connect(Cell)
    column={NaN}
    row={NaN}
  />
  <Connect(Cell)
    column={NaN}
    row={NaN}
  />
</div>
`;
